
> preventli@1.0.0 build
> vite build && tsc -p tsconfig.server.json

[36mvite v5.4.21 [32mbuilding for production...[36m[39m
transforming...
node.exe : 
At line:1 char:1
+ & "D:\/node.exe" "D:\/node_modules/npm/bin/npm-cli.js" run build
+ ~~~~~~~~~~~~~~~~~~~~~~~~~~~~~~~~~~~~~~~~~~~~~~~~~~~~~~~~~~~~~~~~
    + CategoryInfo          : NotSpecified: (:String) [], RemoteException
    + FullyQualifiedErrorId : NativeCommandError
 
A PostCSS plugin did not pass the `from` option to `postcss.parse`. This may cause imported assets to be incorrectly 
transformed. If you've recently added a PostCSS plugin that raised this warning, please contact the package author to 
fix the issue.
[32mΓ£ô[39m 3764 modules transformed.
rendering chunks...
[1m[33m[plugin:vite:reporter][39m[22m [33m[plugin vite:reporter] 
(!) D:/dev/gpnet3/client/src/pages/EmployerDashboardPage.tsx is dynamically imported by 
D:/dev/gpnet3/client/src/App.tsx but also statically imported by 
D:/dev/gpnet3/client/src/components/RoleBasedDashboard.tsx, dynamic import will not move module into another chunk.
[39m
computing gzip size...
[2m../dist/public/[22m[32mindex.html                                  [39m[1m[2m    1.13 kB[22m[1m[22m[2m Γöé gzip:   0.58 kB[22m
[2m../dist/public/[22m[35massets/index-BMZNXjbR.css                   [39m[1m[2m  135.04 kB[22m[1m[22m[2m Γöé gzip:  20.50 kB[22m
[2m../dist/public/[22m[36massets/user-DddzGD0P.js                     [39m[1m[2m    0.37 kB[22m[1m[22m[2m Γöé gzip:   0.29 kB[22m
[2m../dist/public/[22m[36massets/briefcase-_kAkYeb8.js                [39m[1m[2m    0.39 kB[22m[1m[22m[2m Γöé gzip:   0.30 kB[22m
[2m../dist/public/[22m[36massets/upload-CrAF_8SU.js                   [39m[1m[2m    0.43 kB[22m[1m[22m[2m Γöé gzip:   0.32 kB[22m
[2m../dist/public/[22m[36massets/log-out-C1MCR7aZ.js                  [39m[1m[2m    0.43 kB[22m[1m[22m[2m Γöé gzip:   0.32 kB[22m
[2m../dist/public/[22m[36massets/shield-DhGe1uyO.js                   [39m[1m[2m    0.44 kB[22m[1m[22m[2m Γöé gzip:   0.33 kB[22m
[2m../dist/public/[22m[36massets/refresh-cw-yGvtfcaa.js               [39m[1m[2m    0.49 kB[22m[1m[22m[2m Γöé gzip:   0.33 kB[22m
[2m../dist/public/[22m[36massets/save-DBu_qp4F.js                     [39m[1m[2m    0.50 kB[22m[1m[22m[2m Γöé gzip:   0.33 kB[22m
[2m../dist/public/[22m[36massets/building-2-B5NrK2M1.js               [39m[1m[2m    0.61 kB[22m[1m[22m[2m Γöé gzip:   0.35 kB[22m
[2m../dist/public/[22m[36massets/search-HHUEiNEF.js                   [39m[1m[2m    0.74 kB[22m[1m[22m[2m Γöé gzip:   0.39 kB[22m
[2m../dist/public/[22m[36massets/table-CQV6q7ve.js                    [39m[1m[2m    1.49 kB[22m[1m[22m[2m Γöé gzip:   0.51 kB[22m
[2m../dist/public/[22m[36massets/tabs-A-RYVlbT.js                     [39m[1m[2m    1.74 kB[22m[1m[22m[2m Γöé gzip:   0.79 kB[22m
[2m../dist/public/[22m[36massets/progress-4nwnW17C.js                 [39m[1m[2m    1.90 kB[22m[1m[22m[2m Γöé gzip:   0.95 kB[22m
[2m../dist/public/[22m[36massets/LogoUpload-m97vH3l3.js               [39m[1m[2m    2.42 kB[22m[1m[22m[2m Γöé gzip:   1.24 kB[22m
[2m../dist/public/[22m[36massets/CompanyList-CB0lGvd6.js              [39m[1m[2m    3.52 kB[22m[1m[22m[2m Γöé gzip:   1.24 kB[22m
[2m../dist/public/[22m[36massets/AdminDashboard-2wRyMhe5.js           [39m[1m[2m    3.79 kB[22m[1m[22m[2m Γöé gzip:   1.14 kB[22m
[2m../dist/public/[22m[36massets/RoleForm-C7usGU9H.js                 [39m[1m[2m    3.98 kB[22m[1m[22m[2m Γöé gzip:   1.54 kB[22m
[2m../dist/public/[22m[36massets/RolesList-JmEUq_LG.js                [39m[1m[2m    4.28 kB[22m[1m[22m[2m Γöé gzip:   1.56 kB[22m
[2m../dist/public/[22m[36massets/index-2x_v_kMB.js                    [39m[1m[2m    4.31 kB[22m[1m[22m[2m Γöé gzip:   1.90 kB[22m
[2m../dist/public/[22m[36massets/CasesPage-DAh7ceI4.js                [39m[1m[2m    4.41 kB[22m[1m[22m[2m Γöé gzip:   1.44 kB[22m
[2m../dist/public/[22m[36massets/EmployerCaseSuccessPage-DVEWUbJP.js  [39m[1m[2m    4.54 kB[22m[1m[22m[2m Γöé gzip:   1.62 kB[22m
[2m../dist/public/[22m[36massets/AdminLayout-Dqmy3bTe.js              [39m[1m[2m    4.63 kB[22m[1m[22m[2m Γöé gzip:   1.65 kB[22m
[2m../dist/public/[22m[36massets/FinancialsPage-r4mqNmnG.js           [39m[1m[2m    4.70 kB[22m[1m[22m[2m Γöé gzip:   1.42 kB[22m
[2m../dist/public/[22m[36massets/switch-uqPMjDMW.js                   [39m[1m[2m    5.24 kB[22m[1m[22m[2m Γöé gzip:   2.34 kB[22m
[2m../dist/public/[22m[36massets/NewClaimPage-CyRqwcOS.js             [39m[1m[2m    5.48 kB[22m[1m[22m[2m Γöé gzip:   1.69 kB[22m
[2m../dist/public/[22m[36massets/CompanySettings-BDJy2pjh.js          [39m[1m[2m    5.69 kB[22m[1m[22m[2m Γöé gzip:   2.02 kB[22m
[2m../dist/public/[22m[36massets/CheckInsPage-D0QYjefc.js             [39m[1m[2m    5.88 kB[22m[1m[22m[2m Γöé gzip:   1.41 kB[22m
[2m../dist/public/[22m[36massets/alert-dialog-jiwg8onO.js             [39m[1m[2m    6.38 kB[22m[1m[22m[2m Γöé gzip:   2.50 kB[22m
[2m../dist/public/[22m[36massets/DutiesList-D722oogm.js               [39m[1m[2m    6.53 kB[22m[1m[22m[2m Γöé gzip:   2.25 kB[22m
[2m../dist/public/[22m[36massets/CompanyForm-BhryK8Qj.js              [39m[1m[2m    6.66 kB[22m[1m[22m[2m Γöé gzip:   2.32 kB[22m
[2m../dist/public/[22m[36massets/AuditLogPage-DZ-vAokU.js             [39m[1m[2m    6.68 kB[22m[1m[22m[2m Γöé gzip:   2.17 kB[22m
[2m../dist/public/[22m[36massets/PredictionsPage-SMvDdS9K.js          [39m[1m[2m    6.71 kB[22m[1m[22m[2m Γöé gzip:   1.93 kB[22m
[2m../dist/public/[22m[36massets/RiskDashboardPage-CbMaeTN9.js        [39m[1m[2m    6.86 kB[22m[1m[22m[2m Γöé gzip:   1.74 kB[22m
[2m../dist/public/[22m[36massets/SessionsPage-CqGMNVxZ.js             [39m[1m[2m    7.01 kB[22m[1m[22m[2m Γöé gzip:   2.42 kB[22m
[2m../dist/public/[22m[36massets/RTWPlannerPage-CSUhFeH8.js           [39m[1m[2m    7.21 kB[22m[1m[22m[2m Γöé gzip:   2.26 kB[22m
[2m../dist/public/[22m[36massets/InjuryDateReviewPage-CI5Ubhfm.js     [39m[1m[2m    9.17 kB[22m[1m[22m[2m Γöé gzip:   2.66 kB[22m
[2m../dist/public/[22m[36massets/CertificateReviewPage-Btt70ol5.js    [39m[1m[2m    9.25 kB[22m[1m[22m[2m Γöé gzip:   2.66 kB[22m
[2m../dist/public/[22m[36massets/DutyForm-D0fN9Opm.js                 [39m[1m[2m   11.88 kB[22m[1m[22m[2m Γöé gzip:   3.64 kB[22m
[2m../dist/public/[22m[36massets/CaseSummaryPage-ITHU_okx.js          [39m[1m[2m   15.89 kB[22m[1m[22m[2m Γöé gzip:   3.36 kB[22m
[2m../dist/public/[22m[36massets/EmployerNewCasePage-DviZKQ-W.js      [39m[1m[2m   25.06 kB[22m[1m[22m[2m Γöé gzip:   7.83 kB[22m
[2m../dist/public/[22m[36massets/EmployerCaseDetailPage-BPHvuEzx.js   [39m[1m[2m   29.39 kB[22m[1m[22m[2m Γöé gzip:   6.20 kB[22m
[2m../dist/public/[22m[36massets/ReportsPage-BaDRcRtl.js              [39m[1m[2m   33.46 kB[22m[1m[22m[2m Γöé gzip:   9.08 kB[22m
[2m../dist/public/[22m[36massets/index-COL7AACS.js                    [39m[1m[2m   39.24 kB[22m[1m[22m[2m Γöé gzip:  11.85 kB[22m
[2m../dist/public/[22m[36massets/PlanPage-VMHShGMJ.js                 [39m[1m[2m   56.17 kB[22m[1m[22m[2m Γöé gzip:  16.22 kB[22m
[2m../dist/public/[22m[36massets/index-CoVDlBfB.js                    [39m[1m[2m  114.12 kB[22m[1m[22m[2m Γöé gzip:  34.98 kB[22m
[2m../dist/public/[22m[36massets/DynamicRecoveryTimeline-BQsJZ80E.js  [39m[1m[2m  151.31 kB[22m[1m[22m[2m Γöé gzip:  47.82 kB[22m
[2m../dist/public/[22m[36massets/index-DnsV6yb_.js                    [39m[1m[33m1,177.95 kB[39m[22m[2m Γöé gzip: 329.91 kB[22m
[33m
(!) Some chunks are larger than 500 kB after minification. Consider:
- Using dynamic import() to code-split the application
- Use build.rollupOptions.output.manualChunks to improve chunking: 
https://rollupjs.org/configuration-options/#output-manualchunks
- Adjust chunk size limit for this warning via build.chunkSizeWarningLimit.[39m
[32mΓ£ô built in 14.06s[39m
